// Jest Snapshot v1, https://goo.gl/fbAQLP

exports[`Loader component renders correcty 1`] = `
<View
  styles={
    Object {
      "alignItems": "center",
      "justifyContent": "center",
    }
  }
>
  <ActivityIndicator
    animating={true}
    color="#0000ff"
    hidesWhenStopped={true}
    size="small"
  />
</View>
`;
